<?php

namespace Api\User\Controller\Get;

use OpenSolid\OpenApiBundle\Attribute\Path;
use OpenSolid\OpenApiBundle\Routing\Attribute\Get;

class GetUserAction
{
    #[Get('/users/{id}')]
    public function __invoke(#[Path] string $id): GetUserView
    {
    }
}