<?php

namespace Api\User\Controller\Get;

use OpenSolid\OpenApiBundle\Routing\Attribute\Get;

final class GetUserAction
{
    #[Get('/users', tags: ['User'], itemsType: GetUserView::class)]
    public function __invoke(): array
    {
    }
}