<?php

namespace Api\User\Controller\Delete;

use OpenSolid\OpenApiBundle\Attribute\Path;
use OpenSolid\OpenApiBundle\Routing\Attribute\Delete;

class DeleteUserAction
{
    #[Delete('/users/{id}')]
    public function __invoke(#[Path] string $id): void
    {
    }
}